  console.log
    [dotenv@17.2.3] injecting env (0) from .env -- tip: ≡ƒ¢á∩╕Å  run anywhere with `dotenvx run -- yourcommand`

      at _log (node_modules/dotenv/lib/main.js:142:11)

  console.error
    [37m================================[0m
     [33mMissing[0m environment variables:
        [34mPUBLIC_BASE_URL[0m: undefined
    [37m================================[0m

    [0m [90m 2 |[39m [36mconst[39m { cleanEnv[33m,[39m str[33m,[39m port[33m,[39m url[33m,[39m bool } [33m=[39m require([32m'envalid'[39m)[33m;[39m
     [90m 3 |[39m
    [31m[1m>[22m[39m[90m 4 |[39m [36mconst[39m env [33m=[39m cleanEnv(process[33m.[39menv[33m,[39m {
     [90m   |[39m             [31m[1m^[22m[39m
     [90m 5 |[39m     [33mNODE_ENV[39m[33m:[39m str({ choices[33m:[39m [[32m'development'[39m[33m,[39m [32m'production'[39m[33m,[39m [32m'test'[39m][33m,[39m [36mdefault[39m[33m:[39m [32m'development'[39m })[33m,[39m
     [90m 6 |[39m     [33mPORT[39m[33m:[39m port({ [36mdefault[39m[33m:[39m [35m3000[39m })[33m,[39m
     [90m 7 |[39m     [33mMONGO_URI[39m[33m:[39m str()[33m,[39m[0m

      at envalidErrorFormatter (node_modules/envalid/src/reporter.ts:65:3)
      at defaultReporter (node_modules/envalid/src/reporter.ts:74:24)
      at getSanitizedEnv (node_modules/envalid/src/core.ts:120:3)
      at cleanEnv (node_modules/envalid/src/envalid.ts:18:34)
      at Object.cleanEnv (config.js:4:13)
      at Object.require (utils/tokens.js:4:16)
      at Object.require (server.js:18:62)
      at Object.require (test/patch-element.spec.js:39:13)

  console.error
    [33m
     Exiting with error code 1[0m

    [0m [90m 2 |[39m [36mconst[39m { cleanEnv[33m,[39m str[33m,[39m port[33m,[39m url[33m,[39m bool } [33m=[39m require([32m'envalid'[39m)[33m;[39m
     [90m 3 |[39m
    [31m[1m>[22m[39m[90m 4 |[39m [36mconst[39m env [33m=[39m cleanEnv(process[33m.[39menv[33m,[39m {
     [90m   |[39m             [31m[1m^[22m[39m
     [90m 5 |[39m     [33mNODE_ENV[39m[33m:[39m str({ choices[33m:[39m [[32m'development'[39m[33m,[39m [32m'production'[39m[33m,[39m [32m'test'[39m][33m,[39m [36mdefault[39m[33m:[39m [32m'development'[39m })[33m,[39m
     [90m 6 |[39m     [33mPORT[39m[33m:[39m port({ [36mdefault[39m[33m:[39m [35m3000[39m })[33m,[39m
     [90m 7 |[39m     [33mMONGO_URI[39m[33m:[39m str()[33m,[39m[0m

      at defaultReporter (node_modules/envalid/src/reporter.ts:79:5)
      at getSanitizedEnv (node_modules/envalid/src/core.ts:120:3)
      at cleanEnv (node_modules/envalid/src/envalid.ts:18:34)
      at Object.cleanEnv (config.js:4:13)
      at Object.require (utils/tokens.js:4:16)
      at Object.require (server.js:18:62)
      at Object.require (test/patch-element.spec.js:39:13)

  ΓùÅ  process.exit called with "1"

      2 | const { cleanEnv, str, port, url, bool } = require('envalid');
      3 |
    > 4 | const env = cleanEnv(process.env, {
        |             ^
      5 |     NODE_ENV: str({ choices: ['development', 'production', 'test'], default: 'development' }),
      6 |     PORT: port({ default: 3000 }),
      7 |     MONGO_URI: str(),

      at defaultReporter (node_modules/envalid/src/reporter.ts:80:13)
      at getSanitizedEnv (node_modules/envalid/src/core.ts:120:3)
      at cleanEnv (node_modules/envalid/src/envalid.ts:18:34)
      at Object.cleanEnv (config.js:4:13)
      at Object.require (utils/tokens.js:4:16)
      at Object.require (server.js:18:62)
      at Object.require (test/patch-element.spec.js:39:13)
